[debug] [2026-04-30T22:26:42.995Z] ----------------------------------------------------------------------
[debug] [2026-04-30T22:26:43.001Z] Command:       C:\Program Files\nodejs\node.exe C:\Users\Scofield\AppData\Local\npm-cache\_npx\7750544ccf494d8b\node_modules\firebase-tools\lib\bin\firebase.js deploy --only firestore:rules --debug --non-interactive
[debug] [2026-04-30T22:26:43.001Z] CLI Version:   15.16.0
[debug] [2026-04-30T22:26:43.002Z] Platform:      win32
[debug] [2026-04-30T22:26:43.002Z] Node Version:  v24.15.0
[debug] [2026-04-30T22:26:43.002Z] Time:          Fri May 01 2026 00:26:43 GMT+0200 (GMT+02:00)
[debug] [2026-04-30T22:26:43.003Z] ----------------------------------------------------------------------
[debug] 
[debug] [2026-04-30T22:26:43.007Z] >>> [apiv2][query] GET https://firebase-public.firebaseio.com/cli.json [none]
[debug] [2026-04-30T22:26:46.438Z] > command requires scopes: ["email","openid","https://www.googleapis.com/auth/cloudplatformprojects.readonly","https://www.googleapis.com/auth/firebase","https://www.googleapis.com/auth/cloud-platform"]
[debug] [2026-04-30T22:26:46.439Z] > authorizing via signed-in user (innocentboloweza@gmail.com)
[debug] [2026-04-30T22:26:46.439Z] [iam] checking project kuphiri-farm-app-12345 for permissions ["datastore.indexes.create","datastore.indexes.delete","datastore.indexes.list","datastore.indexes.update","firebase.projects.get"]
[debug] [2026-04-30T22:26:46.441Z] Checked if tokens are valid: true, expires at: 1777589669037
[debug] [2026-04-30T22:26:46.441Z] Checked if tokens are valid: true, expires at: 1777589669037
[debug] [2026-04-30T22:26:46.442Z] >>> [apiv2][query] POST https://cloudresourcemanager.googleapis.com/v1/projects/kuphiri-farm-app-12345:testIamPermissions [none]
[debug] [2026-04-30T22:26:46.442Z] >>> [apiv2][(partial)header] POST https://cloudresourcemanager.googleapis.com/v1/projects/kuphiri-farm-app-12345:testIamPermissions  x-goog-user-project=kuphiri-farm-app-12345
[debug] [2026-04-30T22:26:46.442Z] >>> [apiv2][body] POST https://cloudresourcemanager.googleapis.com/v1/projects/kuphiri-farm-app-12345:testIamPermissions {"permissions":["datastore.indexes.create","datastore.indexes.delete","datastore.indexes.list","datastore.indexes.update","firebase.projects.get"]}
[debug] [2026-04-30T22:26:47.177Z] <<< [apiv2][status] GET https://firebase-public.firebaseio.com/cli.json 200
[debug] [2026-04-30T22:26:47.177Z] <<< [apiv2][body] GET https://firebase-public.firebaseio.com/cli.json {"cloudBuildErrorAfter":1594252800000,"cloudBuildWarnAfter":1590019200000,"defaultNode10After":1594252800000,"minVersion":"3.0.5","node8DeploysDisabledAfter":1613390400000,"node8RuntimeDisabledAfter":1615809600000,"node8WarnAfter":1600128000000}
[debug] [2026-04-30T22:26:48.534Z] <<< [apiv2][status] POST https://cloudresourcemanager.googleapis.com/v1/projects/kuphiri-farm-app-12345:testIamPermissions 200
[debug] [2026-04-30T22:26:48.535Z] <<< [apiv2][body] POST https://cloudresourcemanager.googleapis.com/v1/projects/kuphiri-farm-app-12345:testIamPermissions {"permissions":["datastore.indexes.create","datastore.indexes.delete","datastore.indexes.list","datastore.indexes.update","firebase.projects.get"]}
[info] 
[info] === Deploying to 'kuphiri-farm-app-12345'...
[info] 
[info] i  deploying firestore 
[info] i  firestore: ensuring required API firestore.googleapis.com is enabled... 
[debug] [2026-04-30T22:26:48.548Z] Checked if tokens are valid: true, expires at: 1777589669037
[debug] [2026-04-30T22:26:48.549Z] Checked if tokens are valid: true, expires at: 1777589669037
[debug] [2026-04-30T22:26:48.550Z] >>> [apiv2][query] GET https://serviceusage.googleapis.com/v1/projects/kuphiri-farm-app-12345/services/firestore.googleapis.com [none]
[debug] [2026-04-30T22:26:48.551Z] >>> [apiv2][(partial)header] GET https://serviceusage.googleapis.com/v1/projects/kuphiri-farm-app-12345/services/firestore.googleapis.com  x-goog-user-project=kuphiri-farm-app-12345
[debug] [2026-04-30T22:26:52.994Z] <<< [apiv2][status] GET https://serviceusage.googleapis.com/v1/projects/kuphiri-farm-app-12345/services/firestore.googleapis.com 200
[debug] [2026-04-30T22:26:52.994Z] <<< [apiv2][body] GET https://serviceusage.googleapis.com/v1/projects/kuphiri-farm-app-12345/services/firestore.googleapis.com [omitted]
[warn] !  firestore: missing required API firestore.googleapis.com. Enabling now... 
[debug] [2026-04-30T22:26:52.997Z] Checked if tokens are valid: true, expires at: 1777589669037
[debug] [2026-04-30T22:26:52.997Z] Checked if tokens are valid: true, expires at: 1777589669037
[debug] [2026-04-30T22:26:52.998Z] >>> [apiv2][query] POST https://serviceusage.googleapis.com/v1/projects/kuphiri-farm-app-12345/services/firestore.googleapis.com:enable [none]
[debug] [2026-04-30T22:26:52.999Z] >>> [apiv2][(partial)header] POST https://serviceusage.googleapis.com/v1/projects/kuphiri-farm-app-12345/services/firestore.googleapis.com:enable  x-goog-user-project=kuphiri-farm-app-12345
[debug] [2026-04-30T22:26:54.115Z] <<< [apiv2][status] POST https://serviceusage.googleapis.com/v1/projects/kuphiri-farm-app-12345/services/firestore.googleapis.com:enable 200
[debug] [2026-04-30T22:26:54.116Z] <<< [apiv2][body] POST https://serviceusage.googleapis.com/v1/projects/kuphiri-farm-app-12345/services/firestore.googleapis.com:enable [omitted]
[info] i  firestore: ensuring required API firestore.googleapis.com is enabled... 
[debug] [2026-04-30T22:27:04.156Z] Checked if tokens are valid: true, expires at: 1777589669037
[debug] [2026-04-30T22:27:04.157Z] Checked if tokens are valid: true, expires at: 1777589669037
[debug] [2026-04-30T22:27:04.159Z] >>> [apiv2][query] GET https://firestore.googleapis.com/v1/projects/kuphiri-farm-app-12345/databases/(default) [none]
[debug] [2026-04-30T22:27:05.444Z] <<< [apiv2][status] GET https://firestore.googleapis.com/v1/projects/kuphiri-farm-app-12345/databases/(default) 404
[debug] [2026-04-30T22:27:05.444Z] <<< [apiv2][body] GET https://firestore.googleapis.com/v1/projects/kuphiri-farm-app-12345/databases/(default) {"error":{"code":404,"message":"Project 'kuphiri-farm-app-12345' or database '(default)' does not exist.","status":"NOT_FOUND"}}
[info] i  firestore: Creating the new Firestore database (default)... 
[debug] [2026-04-30T22:27:05.447Z] Checked if tokens are valid: true, expires at: 1777589669037
[debug] [2026-04-30T22:27:05.448Z] Checked if tokens are valid: true, expires at: 1777589669037
[debug] [2026-04-30T22:27:05.448Z] >>> [apiv2][query] POST https://firestore.googleapis.com/v1/projects/kuphiri-farm-app-12345/databases databaseId=%28default%29
[debug] [2026-04-30T22:27:05.448Z] >>> [apiv2][body] POST https://firestore.googleapis.com/v1/projects/kuphiri-farm-app-12345/databases {"locationId":"nam5","type":"FIRESTORE_NATIVE","databaseEdition":"STANDARD","deleteProtectionState":"DELETE_PROTECTION_DISABLED","pointInTimeRecoveryEnablement":"POINT_IN_TIME_RECOVERY_DISABLED"}
[debug] [2026-04-30T22:27:06.288Z] <<< [apiv2][status] POST https://firestore.googleapis.com/v1/projects/kuphiri-farm-app-12345/databases 200
[debug] [2026-04-30T22:27:06.289Z] <<< [apiv2][body] POST https://firestore.googleapis.com/v1/projects/kuphiri-farm-app-12345/databases {"name":"projects/kuphiri-farm-app-12345/databases/(default)/operations/VhmoMAH6U47MQNGLl_AolxAqNW1hbgQiBRBRsJHQEAbPz666CAsKJxo","metadata":{"@type":"type.googleapis.com/google.firestore.admin.v1.CreateDatabaseMetadata"},"done":true,"response":{"@type":"type.googleapis.com/google.firestore.admin.v1.Database","name":"projects/kuphiri-farm-app-12345/databases/(default)","uid":"9728f097-8bd1-40cc-8e53-fa0130a81956","createTime":"2026-04-30T22:27:06.170658Z","updateTime":"2026-04-30T22:27:06.170658Z","locationId":"nam5","type":"FIRESTORE_NATIVE","concurrencyMode":"PESSIMISTIC","versionRetentionPeriod":"3600s","earliestVersionTime":"2026-04-30T22:27:06.170658Z","appEngineIntegrationMode":"DISABLED","keyPrefix":"s","pointInTimeRecoveryEnablement":"POINT_IN_TIME_RECOVERY_DISABLED","deleteProtectionState":"DELETE_PROTECTION_DISABLED","databaseEdition":"STANDARD","freeTier":true,"realtimeUpdatesMode":"REALTIME_UPDATES_MODE_ENABLED","etag":"IPHj7rbPlpQDMKK67bbPlpQD"}}
[debug] [2026-04-30T22:27:06.296Z] Checked if tokens are valid: true, expires at: 1777589669037
[debug] [2026-04-30T22:27:06.297Z] Checked if tokens are valid: true, expires at: 1777589669037
[debug] [2026-04-30T22:27:06.298Z] >>> [apiv2][query] GET https://firestore.googleapis.com/v1/projects/kuphiri-farm-app-12345/databases/(default)/operations/VhmoMAH6U47MQNGLl_AolxAqNW1hbgQiBRBRsJHQEAbPz666CAsKJxo [none]
[debug] [2026-04-30T22:27:06.751Z] <<< [apiv2][status] GET https://firestore.googleapis.com/v1/projects/kuphiri-farm-app-12345/databases/(default)/operations/VhmoMAH6U47MQNGLl_AolxAqNW1hbgQiBRBRsJHQEAbPz666CAsKJxo 200
[debug] [2026-04-30T22:27:06.751Z] <<< [apiv2][body] GET https://firestore.googleapis.com/v1/projects/kuphiri-farm-app-12345/databases/(default)/operations/VhmoMAH6U47MQNGLl_AolxAqNW1hbgQiBRBRsJHQEAbPz666CAsKJxo {"name":"projects/kuphiri-farm-app-12345/databases/(default)/operations/VhmoMAH6U47MQNGLl_AolxAqNW1hbgQiBRBRsJHQEAbPz666CAsKJxo","metadata":{"@type":"type.googleapis.com/google.firestore.admin.v1.CreateDatabaseMetadata"},"done":true,"response":{"@type":"type.googleapis.com/google.firestore.admin.v1.Database","name":"projects/kuphiri-farm-app-12345/databases/(default)","uid":"9728f097-8bd1-40cc-8e53-fa0130a81956","createTime":"2026-04-30T22:27:06.170658Z","updateTime":"2026-04-30T22:27:06.170658Z","locationId":"nam5","type":"FIRESTORE_NATIVE","concurrencyMode":"PESSIMISTIC","versionRetentionPeriod":"3600s","earliestVersionTime":"2026-04-30T22:27:06.170658Z","appEngineIntegrationMode":"DISABLED","keyPrefix":"s","pointInTimeRecoveryEnablement":"POINT_IN_TIME_RECOVERY_DISABLED","deleteProtectionState":"DELETE_PROTECTION_DISABLED","databaseEdition":"STANDARD","freeTier":true,"realtimeUpdatesMode":"REALTIME_UPDATES_MODE_ENABLED","etag":"IMTpi7fPlpQDMLL7hLfPlpQD"}}
[info] i  firestore: reading indexes from firestore.indexes.json... 
[info] i  cloud.firestore: checking firestore.rules for compilation errors... 
[debug] [2026-04-30T22:27:06.755Z] Checked if tokens are valid: true, expires at: 1777589669037
[debug] [2026-04-30T22:27:06.755Z] Checked if tokens are valid: true, expires at: 1777589669037
[debug] [2026-04-30T22:27:06.756Z] >>> [apiv2][query] POST https://firebaserules.googleapis.com/v1/projects/kuphiri-farm-app-12345:test [none]
[debug] [2026-04-30T22:27:06.756Z] >>> [apiv2][body] POST https://firebaserules.googleapis.com/v1/projects/kuphiri-farm-app-12345:test [omitted]
[debug] [2026-04-30T22:27:11.004Z] <<< [apiv2][status] POST https://firebaserules.googleapis.com/v1/projects/kuphiri-farm-app-12345:test 200
[debug] [2026-04-30T22:27:11.005Z] <<< [apiv2][body] POST https://firebaserules.googleapis.com/v1/projects/kuphiri-farm-app-12345:test {}
[info] +  cloud.firestore: rules file firestore.rules compiled successfully 
[debug] [2026-04-30T22:27:11.006Z] Checked if tokens are valid: true, expires at: 1777589669037
[debug] [2026-04-30T22:27:11.007Z] Checked if tokens are valid: true, expires at: 1777589669037
[debug] [2026-04-30T22:27:11.007Z] >>> [apiv2][query] GET https://firebaserules.googleapis.com/v1/projects/kuphiri-farm-app-12345/releases pageSize=10&pageToken=
[debug] [2026-04-30T22:27:11.492Z] <<< [apiv2][status] GET https://firebaserules.googleapis.com/v1/projects/kuphiri-farm-app-12345/releases 200
[debug] [2026-04-30T22:27:11.493Z] <<< [apiv2][body] GET https://firebaserules.googleapis.com/v1/projects/kuphiri-farm-app-12345/releases {}
[info] i  firestore: uploading rules firestore.rules... 
[debug] [2026-04-30T22:27:11.496Z] Checked if tokens are valid: true, expires at: 1777589669037
[debug] [2026-04-30T22:27:11.497Z] Checked if tokens are valid: true, expires at: 1777589669037
[debug] [2026-04-30T22:27:11.498Z] >>> [apiv2][query] POST https://firebaserules.googleapis.com/v1/projects/kuphiri-farm-app-12345/rulesets [none]
[debug] [2026-04-30T22:27:11.498Z] >>> [apiv2][body] POST https://firebaserules.googleapis.com/v1/projects/kuphiri-farm-app-12345/rulesets [omitted]
[debug] [2026-04-30T22:27:12.134Z] <<< [apiv2][status] POST https://firebaserules.googleapis.com/v1/projects/kuphiri-farm-app-12345/rulesets 200
[debug] [2026-04-30T22:27:12.135Z] <<< [apiv2][body] POST https://firebaserules.googleapis.com/v1/projects/kuphiri-farm-app-12345/rulesets {"name":"projects/kuphiri-farm-app-12345/rulesets/c2a4de2c-6d0a-48f1-9876-e27f7ceac2e9","source":{"files":[{"content":"rules_version = '2';\nservice cloud.firestore {\n  match /databases/{database}/documents {\n    match /{document=**} {\n      allow read, write: if true;\n    }\n  }\n}","name":"firestore.rules"}]},"createTime":"2026-04-30T22:27:12.041097Z","metadata":{"services":["cloud.firestore"]}}
[debug] [2026-04-30T22:27:12.135Z] [rules] created ruleset projects/kuphiri-farm-app-12345/rulesets/c2a4de2c-6d0a-48f1-9876-e27f7ceac2e9
[debug] [2026-04-30T22:27:12.138Z] [rules] releasing cloud.firestore with ruleset projects/kuphiri-farm-app-12345/rulesets/c2a4de2c-6d0a-48f1-9876-e27f7ceac2e9
[debug] [2026-04-30T22:27:12.140Z] Checked if tokens are valid: true, expires at: 1777589669037
[debug] [2026-04-30T22:27:12.140Z] Checked if tokens are valid: true, expires at: 1777589669037
[debug] [2026-04-30T22:27:12.141Z] >>> [apiv2][query] PATCH https://firebaserules.googleapis.com/v1/projects/kuphiri-farm-app-12345/releases/cloud.firestore [none]
[debug] [2026-04-30T22:27:12.142Z] >>> [apiv2][body] PATCH https://firebaserules.googleapis.com/v1/projects/kuphiri-farm-app-12345/releases/cloud.firestore {"release":{"name":"projects/kuphiri-farm-app-12345/releases/cloud.firestore","rulesetName":"projects/kuphiri-farm-app-12345/rulesets/c2a4de2c-6d0a-48f1-9876-e27f7ceac2e9"}}
[debug] [2026-04-30T22:27:12.607Z] <<< [apiv2][status] PATCH https://firebaserules.googleapis.com/v1/projects/kuphiri-farm-app-12345/releases/cloud.firestore 404
[debug] [2026-04-30T22:27:12.607Z] <<< [apiv2][body] PATCH https://firebaserules.googleapis.com/v1/projects/kuphiri-farm-app-12345/releases/cloud.firestore {"error":{"code":404,"message":"Requested entity was not found.","status":"NOT_FOUND"}}
[debug] [2026-04-30T22:27:12.608Z] [rules] ruleset update failed, attempting to create instead
[debug] [2026-04-30T22:27:12.609Z] Checked if tokens are valid: true, expires at: 1777589669037
[debug] [2026-04-30T22:27:12.609Z] Checked if tokens are valid: true, expires at: 1777589669037
[debug] [2026-04-30T22:27:12.609Z] >>> [apiv2][query] POST https://firebaserules.googleapis.com/v1/projects/kuphiri-farm-app-12345/releases [none]
[debug] [2026-04-30T22:27:12.609Z] >>> [apiv2][body] POST https://firebaserules.googleapis.com/v1/projects/kuphiri-farm-app-12345/releases {"name":"projects/kuphiri-farm-app-12345/releases/cloud.firestore","rulesetName":"projects/kuphiri-farm-app-12345/rulesets/c2a4de2c-6d0a-48f1-9876-e27f7ceac2e9"}
[debug] [2026-04-30T22:27:13.463Z] <<< [apiv2][status] POST https://firebaserules.googleapis.com/v1/projects/kuphiri-farm-app-12345/releases 200
